MotorControl.hpp:51:3:ECE477_17::RobotMovementController::RobotMovementController()	16	static
MotorControl.hpp:64:3:ECE477_17::RobotMovementController::~RobotMovementController()	16	static
MotorControl.hpp:73:8:void ECE477_17::RobotMovementController::SetLatchPinsToDefaultState()	16	static
MotorControl.hpp:290:8:void ECE477_17::RobotMovementController::ShiftRegisterAssignMotorEnableDirectionValues() const	24	static
main.cpp:37:5:int main()	32	static
main.cpp:81:6:void SystemClock_Config()	88	static
main.cpp:125:13:void MX_TIM1_Init()	96	static
main.cpp:213:13:void MX_GPIO_Init()	56	static
main.cpp:351:13:void MX_TIM3_Init()	32	static
main.cpp:387:6:void Error_Handler()	4	static
main.cpp:393:1:void __static_initialization_and_destruction_0(int, int)	16	static
main.cpp:393:1:cpp)	8	static
main.cpp:393:1:cpp)	8	static
