MotorControl.hpp:78:3:ECE477_17::RobotMovementController::RobotMovementController()	16	static
MotorControl.hpp:91:3:ECE477_17::RobotMovementController::~RobotMovementController()	16	static
MotorControl.hpp:104:8:void ECE477_17::RobotMovementController::ShiftRegisterAssignMotorEnableDirectionValues_TIM3_InterruptCallback()	40	static
MotorControl.hpp:162:8:void ECE477_17::RobotMovementController::SetLatchPinsToDefaultState()	16	static
MotorControl.hpp:176:8:void ECE477_17::RobotMovementController::SetCurrentMovementStateAndUpdateMotorDirection(ECE477_17::ROBOT_MOVEMENT_STATE)	16	static
MotorControl.hpp:268:8:void ECE477_17::RobotMovementController::UpdateMotorEnableDirectionInLatchValueToTransmit(ECE477_17::MOTOR_ID, ECE477_17::MOTOR_DIRECTION)	16	static
Timer.hpp:13:7:void TIM3_IRQHandler()	4	static
Timer.hpp:73:8:void ECE477_17::Timer::GPIOA_ShiftRegisterPins_Init()	4	static
Timer.hpp:91:8:void ECE477_17::Timer::TIM1_PWM_Init()	4	static
Timer.hpp:124:8:void ECE477_17::Timer::TIM1_StartPWM()	4	static
Timer.hpp:126:8:void ECE477_17::Timer::TIM1_StopPWM()	4	static
Timer.hpp:129:8:void ECE477_17::Timer::TIM1_ChangePWM(int, float)	24	static
Timer.hpp:156:8:void ECE477_17::Timer::TIM3_Init()	4	static
Timer.hpp:174:8:void ECE477_17::Timer::TIM3_Start()	4	static
Timer.hpp:175:8:void ECE477_17::Timer::TIM3_Stop()	4	static
main.cpp:10:5:int main()	16	static
main.cpp:35:1:void __static_initialization_and_destruction_0(int, int)	16	static
main.cpp:35:1:cpp)	8	static
main.cpp:35:1:cpp)	8	static
