stm32f4xx_it.cpp:36:6:void NMI_Handler()	4	static
stm32f4xx_it.cpp:49:6:void HardFault_Handler()	4	static
stm32f4xx_it.cpp:64:6:void MemManage_Handler()	4	static
stm32f4xx_it.cpp:79:6:void BusFault_Handler()	4	static
stm32f4xx_it.cpp:94:6:void UsageFault_Handler()	4	static
stm32f4xx_it.cpp:109:6:void SVC_Handler()	4	static
stm32f4xx_it.cpp:122:6:void DebugMon_Handler()	4	static
stm32f4xx_it.cpp:135:6:void PendSV_Handler()	4	static
stm32f4xx_it.cpp:148:6:void SysTick_Handler()	8	static
stm32f4xx_it.cpp:169:6:void TIM3_IRQHandler()	8	static
