Archive member included to satisfy reference by file (symbol)

/Applications/STM32CubeIDE.app/Contents/Eclipse/plugins/com.st.stm32cube.ide.mcu.externaltools.gnu-tools-for-stm32.7-2018-q2-update.macos64_1.4.0.202007081208/tools/bin/../lib/gcc/arm-none-eabi/7.3.1/../../../../arm-none-eabi/lib/thumb/v7-m/libc_nano.a(lib_a-errno.o)
                              Core/Src/syscalls.o (__errno)
/Applications/STM32CubeIDE.app/Contents/Eclipse/plugins/com.st.stm32cube.ide.mcu.externaltools.gnu-tools-for-stm32.7-2018-q2-update.macos64_1.4.0.202007081208/tools/bin/../lib/gcc/arm-none-eabi/7.3.1/../../../../arm-none-eabi/lib/thumb/v7-m/libc_nano.a(lib_a-exit.o)
                              /Applications/STM32CubeIDE.app/Contents/Eclipse/plugins/com.st.stm32cube.ide.mcu.externaltools.gnu-tools-for-stm32.7-2018-q2-update.macos64_1.4.0.202007081208/tools/bin/../lib/gcc/arm-none-eabi/7.3.1/../../../../arm-none-eabi/lib/thumb/v7-m/crt0.o (exit)
/Applications/STM32CubeIDE.app/Contents/Eclipse/plugins/com.st.stm32cube.ide.mcu.externaltools.gnu-tools-for-stm32.7-2018-q2-update.macos64_1.4.0.202007081208/tools/bin/../lib/gcc/arm-none-eabi/7.3.1/../../../../arm-none-eabi/lib/thumb/v7-m/libc_nano.a(lib_a-impure.o)
                              /Applications/STM32CubeIDE.app/Contents/Eclipse/plugins/com.st.stm32cube.ide.mcu.externaltools.gnu-tools-for-stm32.7-2018-q2-update.macos64_1.4.0.202007081208/tools/bin/../lib/gcc/arm-none-eabi/7.3.1/../../../../arm-none-eabi/lib/thumb/v7-m/libc_nano.a(lib_a-exit.o) (_global_impure_ptr)
/Applications/STM32CubeIDE.app/Contents/Eclipse/plugins/com.st.stm32cube.ide.mcu.externaltools.gnu-tools-for-stm32.7-2018-q2-update.macos64_1.4.0.202007081208/tools/bin/../lib/gcc/arm-none-eabi/7.3.1/../../../../arm-none-eabi/lib/thumb/v7-m/libc_nano.a(lib_a-init.o)
                              /Applications/STM32CubeIDE.app/Contents/Eclipse/plugins/com.st.stm32cube.ide.mcu.externaltools.gnu-tools-for-stm32.7-2018-q2-update.macos64_1.4.0.202007081208/tools/bin/../lib/gcc/arm-none-eabi/7.3.1/../../../../arm-none-eabi/lib/thumb/v7-m/crt0.o (__libc_init_array)
/Applications/STM32CubeIDE.app/Contents/Eclipse/plugins/com.st.stm32cube.ide.mcu.externaltools.gnu-tools-for-stm32.7-2018-q2-update.macos64_1.4.0.202007081208/tools/bin/../lib/gcc/arm-none-eabi/7.3.1/../../../../arm-none-eabi/lib/thumb/v7-m/libc_nano.a(lib_a-memset.o)
                              /Applications/STM32CubeIDE.app/Contents/Eclipse/plugins/com.st.stm32cube.ide.mcu.externaltools.gnu-tools-for-stm32.7-2018-q2-update.macos64_1.4.0.202007081208/tools/bin/../lib/gcc/arm-none-eabi/7.3.1/../../../../arm-none-eabi/lib/thumb/v7-m/crt0.o (memset)

Allocating common symbols
Common symbol       size              file

huart3              0x40              Core/Src/main.o
values              0x14              Core/Src/main.o
uwTick              0x4               Drivers/STM32F1xx_HAL_Driver/Src/stm32f1xx_hal.o
pFlash              0x20              Drivers/STM32F1xx_HAL_Driver/Src/stm32f1xx_hal_flash.o
hadc1               0x30              Core/Src/main.o
hdma_adc1           0x44              Core/Src/main.o
transmit            0x1               Core/Src/main.o
huart2              0x40              Core/Src/main.o

Discarded input sections

 .text          0x0000000000000000        0x0 /Applications/STM32CubeIDE.app/Contents/Eclipse/plugins/com.st.stm32cube.ide.mcu.externaltools.gnu-tools-for-stm32.7-2018-q2-update.macos64_1.4.0.202007081208/tools/bin/../lib/gcc/arm-none-eabi/7.3.1/thumb/v7-m/crti.o
 .data          0x0000000000000000        0x0 /Applications/STM32CubeIDE.app/Contents/Eclipse/plugins/com.st.stm32cube.ide.mcu.externaltools.gnu-tools-for-stm32.7-2018-q2-update.macos64_1.4.0.202007081208/tools/bin/../lib/gcc/arm-none-eabi/7.3.1/thumb/v7-m/crti.o
 .bss           0x0000000000000000        0x0 /Applications/STM32CubeIDE.app/Contents/Eclipse/plugins/com.st.stm32cube.ide.mcu.externaltools.gnu-tools-for-stm32.7-2018-q2-update.macos64_1.4.0.202007081208/tools/bin/../lib/gcc/arm-none-eabi/7.3.1/thumb/v7-m/crti.o
 .data          0x0000000000000000        0x4 /Applications/STM32CubeIDE.app/Contents/Eclipse/plugins/com.st.stm32cube.ide.mcu.externaltools.gnu-tools-for-stm32.7-2018-q2-update.macos64_1.4.0.202007081208/tools/bin/../lib/gcc/arm-none-eabi/7.3.1/thumb/v7-m/crtbegin.o
 .text          0x0000000000000000       0x74 /Applications/STM32CubeIDE.app/Contents/Eclipse/plugins/com.st.stm32cube.ide.mcu.externaltools.gnu-tools-for-stm32.7-2018-q2-update.macos64_1.4.0.202007081208/tools/bin/../lib/gcc/arm-none-eabi/7.3.1/../../../../arm-none-eabi/lib/thumb/v7-m/crt0.o
 .data          0x0000000000000000        0x0 /Applications/STM32CubeIDE.app/Contents/Eclipse/plugins/com.st.stm32cube.ide.mcu.externaltools.gnu-tools-for-stm32.7-2018-q2-update.macos64_1.4.0.202007081208/tools/bin/../lib/gcc/arm-none-eabi/7.3.1/../../../../arm-none-eabi/lib/thumb/v7-m/crt0.o
[...]
Memory Configuration

Name             Origin             Length             Attributes
RAM              0x0000000020000000 0x0000000000005000 xrw
FLASH            0x0000000008000000 0x0000000000020000 xr
*default*        0x0000000000000000 0xffffffffffffffff

Linker script and memory map

LOAD /Applications/STM32CubeIDE.app/Contents/Eclipse/plugins/com.st.stm32cube.ide.mcu.externaltools.gnu-tools-for-stm32.7-2018-q2-update.macos64_1.4.0.202007081208/tools/bin/../lib/gcc/arm-none-eabi/7.3.1/thumb/v7-m/crti.o
LOAD /Applications/STM32CubeIDE.app/Contents/Eclipse/plugins/com.st.stm32cube.ide.mcu.externaltools.gnu-tools-for-stm32.7-2018-q2-update.macos64_1.4.0.202007081208/tools/bin/../lib/gcc/arm-none-eabi/7.3.1/thumb/v7-m/crtbegin.o
LOAD /Applications/STM32CubeIDE.app/Contents/Eclipse/plugins/com.st.stm32cube.ide.mcu.externaltools.gnu-tools-for-stm32.7-2018-q2-update.macos64_1.4.0.202007081208/tools/bin/../lib/gcc/arm-none-eabi/7.3.1/../../../../arm-none-eabi/lib/thumb/v7-m/crt0.o
LOAD Core/Src/main.o
LOAD Core/Src/stm32f1xx_hal_msp.o
LOAD Core/Src/stm32f1xx_it.o
LOAD Core/Src/syscalls.o
LOAD Core/Src/sysmem.o
LOAD Core/Src/system_stm32f1xx.o
LOAD Core/Startup/startup_stm32f103rbtx.o
LOAD Drivers/STM32F1xx_HAL_Driver/Src/stm32f1xx_hal.o
LOAD Drivers/STM32F1xx_HAL_Driver/Src/stm32f1xx_hal_adc.o
LOAD Drivers/STM32F1xx_HAL_Driver/Src/stm32f1xx_hal_adc_ex.o
LOAD Drivers/STM32F1xx_HAL_Driver/Src/stm32f1xx_hal_cortex.o
LOAD Drivers/STM32F1xx_HAL_Driver/Src/stm32f1xx_hal_dma.o
LOAD Drivers/STM32F1xx_HAL_Driver/Src/stm32f1xx_hal_exti.o
LOAD Drivers/STM32F1xx_HAL_Driver/Src/stm32f1xx_hal_flash.o
LOAD Drivers/STM32F1xx_HAL_Driver/Src/stm32f1xx_hal_flash_ex.o
LOAD Drivers/STM32F1xx_HAL_Driver/Src/stm32f1xx_hal_gpio.o
LOAD Drivers/STM32F1xx_HAL_Driver/Src/stm32f1xx_hal_gpio_ex.o
LOAD Drivers/STM32F1xx_HAL_Driver/Src/stm32f1xx_hal_pwr.o
LOAD Drivers/STM32F1xx_HAL_Driver/Src/stm32f1xx_hal_rcc.o
LOAD Drivers/STM32F1xx_HAL_Driver/Src/stm32f1xx_hal_rcc_ex.o
LOAD Drivers/STM32F1xx_HAL_Driver/Src/stm32f1xx_hal_tim.o
LOAD Drivers/STM32F1xx_HAL_Driver/Src/stm32f1xx_hal_tim_ex.o
LOAD Drivers/STM32F1xx_HAL_Driver/Src/stm32f1xx_hal_uart.o
START GROUP
LOAD /Applications/STM32CubeIDE.app/Contents/Eclipse/plugins/com.st.stm32cube.ide.mcu.externaltools.gnu-tools-for-stm32.7-2018-q2-update.macos64_1.4.0.202007081208/tools/bin/../lib/gcc/arm-none-eabi/7.3.1/../../../../arm-none-eabi/lib/thumb/v7-m/libc_nano.a
LOAD /Applications/STM32CubeIDE.app/Contents/Eclipse/plugins/com.st.stm32cube.ide.mcu.externaltools.gnu-tools-for-stm32.7-2018-q2-update.macos64_1.4.0.202007081208/tools/bin/../lib/gcc/arm-none-eabi/7.3.1/../../../../arm-none-eabi/lib/thumb/v7-m/libm.a
END GROUP
START GROUP
LOAD /Applications/STM32CubeIDE.app/Contents/Eclipse/plugins/com.st.stm32cube.ide.mcu.externaltools.gnu-tools-for-stm32.7-2018-q2-update.macos64_1.4.0.202007081208/tools/bin/../lib/gcc/arm-none-eabi/7.3.1/thumb/v7-m/libgcc.a
LOAD /Applications/STM32CubeIDE.app/Contents/Eclipse/plugins/com.st.stm32cube.ide.mcu.externaltools.gnu-tools-for-stm32.7-2018-q2-update.macos64_1.4.0.202007081208/tools/bin/../lib/gcc/arm-none-eabi/7.3.1/../../../../arm-none-eabi/lib/thumb/v7-m/libc_nano.a
END GROUP
START GROUP
LOAD /Applications/STM32CubeIDE.app/Contents/Eclipse/plugins/com.st.stm32cube.ide.mcu.externaltools.gnu-tools-for-stm32.7-2018-q2-update.macos64_1.4.0.202007081208/tools/bin/../lib/gcc/arm-none-eabi/7.3.1/thumb/v7-m/libgcc.a
LOAD /Applications/STM32CubeIDE.app/Contents/Eclipse/plugins/com.st.stm32cube.ide.mcu.externaltools.gnu-tools-for-stm32.7-2018-q2-update.macos64_1.4.0.202007081208/tools/bin/../lib/gcc/arm-none-eabi/7.3.1/../../../../arm-none-eabi/lib/thumb/v7-m/libc_nano.a
LOAD /Applications/STM32CubeIDE.app/Contents/Eclipse/plugins/com.st.stm32cube.ide.mcu.externaltools.gnu-tools-for-stm32.7-2018-q2-update.macos64_1.4.0.202007081208/tools/bin/../lib/gcc/arm-none-eabi/7.3.1/../../../../arm-none-eabi/lib/thumb/v7-m/libnosys.a
END GROUP
START GROUP
LOAD /Applications/STM32CubeIDE.app/Contents/Eclipse/plugins/com.st.stm32cube.ide.mcu.externaltools.gnu-tools-for-stm32.7-2018-q2-update.macos64_1.4.0.202007081208/tools/bin/../lib/gcc/arm-none-eabi/7.3.1/thumb/v7-m/libgcc.a
LOAD /Applications/STM32CubeIDE.app/Contents/Eclipse/plugins/com.st.stm32cube.ide.mcu.externaltools.gnu-tools-for-stm32.7-2018-q2-update.macos64_1.4.0.202007081208/tools/bin/../lib/gcc/arm-none-eabi/7.3.1/../../../../arm-none-eabi/lib/thumb/v7-m/libc_nano.a
LOAD /Applications/STM32CubeIDE.app/Contents/Eclipse/plugins/com.st.stm32cube.ide.mcu.externaltools.gnu-tools-for-stm32.7-2018-q2-update.macos64_1.4.0.202007081208/tools/bin/../lib/gcc/arm-none-eabi/7.3.1/../../../../arm-none-eabi/lib/thumb/v7-m/libnosys.a
END GROUP
LOAD /Applications/STM32CubeIDE.app/Contents/Eclipse/plugins/com.st.stm32cube.ide.mcu.externaltools.gnu-tools-for-stm32.7-2018-q2-update.macos64_1.4.0.202007081208/tools/bin/../lib/gcc/arm-none-eabi/7.3.1/thumb/v7-m/crtend.o
LOAD /Applications/STM32CubeIDE.app/Contents/Eclipse/plugins/com.st.stm32cube.ide.mcu.externaltools.gnu-tools-for-stm32.7-2018-q2-update.macos64_1.4.0.202007081208/tools/bin/../lib/gcc/arm-none-eabi/7.3.1/thumb/v7-m/crtn.o
                0x0000000020005000                _estack = (ORIGIN (RAM) + LENGTH (RAM))
                0x0000000000000200                _Min_Heap_Size = 0x200
                0x0000000000000400                _Min_Stack_Size = 0x400

.isr_vector     0x0000000008000000      0x10c
                0x0000000008000000                . = ALIGN (0x4)
 *(.isr_vector)
 .isr_vector    0x0000000008000000      0x10c Core/Startup/startup_stm32f103rbtx.o
                0x0000000008000000                g_pfnVectors
                0x000000000800010c                . = ALIGN (0x4)

.text           0x000000000800010c     0x28e8
                0x000000000800010c                . = ALIGN (0x4)
 *(.text)
 .text          0x000000000800010c       0x40 /Applications/STM32CubeIDE.app/Contents/Eclipse/plugins/com.st.stm32cube.ide.mcu.externaltools.gnu-tools-for-stm32.7-2018-q2-update.macos64_1.4.0.202007081208/tools/bin/../lib/gcc/arm-none-eabi/7.3.1/thumb/v7-m/crtbegin.o
 *(.text*)
 .text.main     0x000000000800014c       0x5c Core/Src/main.o
                0x000000000800014c                main
 .text.SystemClock_Config
                0x00000000080001a8       0xb0 Core/Src/main.o
                0x00000000080001a8                SystemClock_Config
 .text.MX_ADC1_Init
                0x0000000008000258       0xf0 Core/Src/main.o
 .text.MX_USART2_UART_Init
                0x0000000008000348       0x54 Core/Src/main.o
 .text.MX_USART3_UART_Init
                0x000000000800039c       0x54 Core/Src/main.o
 .text.MX_DMA_Init
                0x00000000080003f0       0x3c Core/Src/main.o
 .text.MX_GPIO_Init
                0x000000000800042c      0x10c Core/Src/main.o
 .text.Error_Handler
                0x0000000008000538        0xc Core/Src/main.o
                0x0000000008000538                Error_Handler
 .text.HAL_MspInit
                0x0000000008000544       0x64 Core/Src/stm32f1xx_hal_msp.o
                0x0000000008000544                HAL_MspInit
 .text.HAL_ADC_MspInit
                0x00000000080005a8       0xd0 Core/Src/stm32f1xx_hal_msp.o
                0x00000000080005a8                HAL_ADC_MspInit
 .text.HAL_UART_MspInit
                0x0000000008000678      0x134 Core/Src/stm32f1xx_hal_msp.o
                0x0000000008000678                HAL_UART_MspInit
 .text.NMI_Handler
                0x00000000080007ac        0xc Core/Src/stm32f1xx_it.o
                0x00000000080007ac                NMI_Handler
 .text.HardFault_Handler
                0x00000000080007b8        0x6 Core/Src/stm32f1xx_it.o
                0x00000000080007b8                HardFault_Handler
 .text.MemManage_Handler
                0x00000000080007be        0x6 Core/Src/stm32f1xx_it.o
                0x00000000080007be                MemManage_Handler
 .text.BusFault_Handler
                0x00000000080007c4        0x6 Core/Src/stm32f1xx_it.o
                0x00000000080007c4                BusFault_Handler
 .text.UsageFault_Handler
                0x00000000080007ca        0x6 Core/Src/stm32f1xx_it.o
                0x00000000080007ca                UsageFault_Handler
 .text.SVC_Handler
                0x00000000080007d0        0xc Core/Src/stm32f1xx_it.o
                0x00000000080007d0                SVC_Handler
 .text.DebugMon_Handler
                0x00000000080007dc        0xc Core/Src/stm32f1xx_it.o
                0x00000000080007dc                DebugMon_Handler
 .text.PendSV_Handler
                0x00000000080007e8        0xc Core/Src/stm32f1xx_it.o
                0x00000000080007e8                PendSV_Handler
 .text.SysTick_Handler
                0x00000000080007f4        0xc Core/Src/stm32f1xx_it.o
                0x00000000080007f4                SysTick_Handler
 .text.DMA1_Channel1_IRQHandler
                0x0000000008000800      0x168 Core/Src/stm32f1xx_it.o
                0x0000000008000800                DMA1_Channel1_IRQHandler
 .text.EXTI15_10_IRQHandler
                0x0000000008000968       0x10 Core/Src/stm32f1xx_it.o
                0x0000000008000968                EXTI15_10_IRQHandler
 .text.SystemInit
                0x0000000008000978       0x68 Core/Src/system_stm32f1xx.o
                0x0000000008000978                SystemInit
 .text.Reset_Handler
                0x00000000080009e0       0x48 Core/Startup/startup_stm32f103rbtx.o
                0x00000000080009e0                Reset_Handler
 .text.Default_Handler
                0x0000000008000a28        0x2 Core/Startup/startup_stm32f103rbtx.o
                0x0000000008000a28                USBWakeUp_IRQHandler
                0x0000000008000a28                EXTI2_IRQHandler
                0x0000000008000a28                TIM1_CC_IRQHandler
                0x0000000008000a28                PVD_IRQHandler
                0x0000000008000a28                EXTI3_IRQHandler
                0x0000000008000a28                EXTI0_IRQHandler
                0x0000000008000a28                I2C2_EV_IRQHandler
                0x0000000008000a28                ADC1_2_IRQHandler
                0x0000000008000a28                SPI1_IRQHandler
                0x0000000008000a28                TAMPER_IRQHandler
                0x0000000008000a28                DMA1_Channel4_IRQHandler
                0x0000000008000a28                USART3_IRQHandler
                0x0000000008000a28                RTC_IRQHandler
                0x0000000008000a28                DMA1_Channel7_IRQHandler
                0x0000000008000a28                CAN1_RX1_IRQHandler
                0x0000000008000a28                TIM4_IRQHandler
                0x0000000008000a28                I2C1_EV_IRQHandler
                0x0000000008000a28                DMA1_Channel6_IRQHandler
                0x0000000008000a28                TIM3_IRQHandler
                0x0000000008000a28                RCC_IRQHandler
                0x0000000008000a28                TIM1_TRG_COM_IRQHandler
                0x0000000008000a28                Default_Handler
                0x0000000008000a28                EXTI9_5_IRQHandler
                0x0000000008000a28                SPI2_IRQHandler
                0x0000000008000a28                DMA1_Channel5_IRQHandler
                0x0000000008000a28                EXTI4_IRQHandler
                0x0000000008000a28                USB_LP_CAN1_RX0_IRQHandler
                0x0000000008000a28                USB_HP_CAN1_TX_IRQHandler
                0x0000000008000a28                DMA1_Channel3_IRQHandler
                0x0000000008000a28                TIM1_UP_IRQHandler
                0x0000000008000a28                WWDG_IRQHandler
                0x0000000008000a28                TIM2_IRQHandler
                0x0000000008000a28                TIM1_BRK_IRQHandler
                0x0000000008000a28                EXTI1_IRQHandler
                0x0000000008000a28                USART2_IRQHandler
                0x0000000008000a28                I2C2_ER_IRQHandler
                0x0000000008000a28                DMA1_Channel2_IRQHandler
                0x0000000008000a28                CAN1_SCE_IRQHandler
                0x0000000008000a28                FLASH_IRQHandler
                0x0000000008000a28                USART1_IRQHandler
                0x0000000008000a28                I2C1_ER_IRQHandler
                0x0000000008000a28                RTC_Alarm_IRQHandler
 *fill*         0x0000000008000a2a        0x2 
 .text.HAL_Init
                0x0000000008000a2c       0x2c Drivers/STM32F1xx_HAL_Driver/Src/stm32f1xx_hal.o
                0x0000000008000a2c                HAL_Init
 .text.HAL_InitTick
                0x0000000008000a58       0x60 Drivers/STM32F1xx_HAL_Driver/Src/stm32f1xx_hal.o
                0x0000000008000a58                HAL_InitTick
 .text.HAL_IncTick
                0x0000000008000ab8       0x24 Drivers/STM32F1xx_HAL_Driver/Src/stm32f1xx_hal.o
                0x0000000008000ab8                HAL_IncTick
 .text.HAL_GetTick
                0x0000000008000adc       0x14 Drivers/STM32F1xx_HAL_Driver/Src/stm32f1xx_hal.o
                0x0000000008000adc                HAL_GetTick
 .text.HAL_Delay
                0x0000000008000af0       0x44 Drivers/STM32F1xx_HAL_Driver/Src/stm32f1xx_hal.o
                0x0000000008000af0                HAL_Delay
 .text.HAL_ADC_Init
                0x0000000008000b34      0x1b0 Drivers/STM32F1xx_HAL_Driver/Src/stm32f1xx_hal_adc.o
                0x0000000008000b34                HAL_ADC_Init
 .text.HAL_ADC_Start_DMA
                0x0000000008000ce4      0x1bc Drivers/STM32F1xx_HAL_Driver/Src/stm32f1xx_hal_adc.o
                0x0000000008000ce4                HAL_ADC_Start_DMA
 .text.HAL_ADC_ConvCpltCallback
                0x0000000008000ea0       0x12 Drivers/STM32F1xx_HAL_Driver/Src/stm32f1xx_hal_adc.o
                0x0000000008000ea0                HAL_ADC_ConvCpltCallback
 .text.HAL_ADC_ConvHalfCpltCallback
                0x0000000008000eb2       0x12 Drivers/STM32F1xx_HAL_Driver/Src/stm32f1xx_hal_adc.o
                0x0000000008000eb2                HAL_ADC_ConvHalfCpltCallback
 .text.HAL_ADC_ErrorCallback
                0x0000000008000ec4       0x12 Drivers/STM32F1xx_HAL_Driver/Src/stm32f1xx_hal_adc.o
                0x0000000008000ec4                HAL_ADC_ErrorCallback
 *fill*         0x0000000008000ed6        0x2 
 .text.HAL_ADC_ConfigChannel
                0x0000000008000ed8      0x1f0 Drivers/STM32F1xx_HAL_Driver/Src/stm32f1xx_hal_adc.o
                0x0000000008000ed8                HAL_ADC_ConfigChannel
 .text.ADC_Enable
                0x00000000080010c8       0xa4 Drivers/STM32F1xx_HAL_Driver/Src/stm32f1xx_hal_adc.o
                0x00000000080010c8                ADC_Enable
 .text.ADC_ConversionStop_Disable
                0x000000000800116c       0x74 Drivers/STM32F1xx_HAL_Driver/Src/stm32f1xx_hal_adc.o
                0x000000000800116c                ADC_ConversionStop_Disable
 .text.ADC_DMAConvCplt
                0x00000000080011e0       0x7c Drivers/STM32F1xx_HAL_Driver/Src/stm32f1xx_hal_adc.o
                0x00000000080011e0                ADC_DMAConvCplt
 .text.ADC_DMAHalfConvCplt
                0x000000000800125c       0x1c Drivers/STM32F1xx_HAL_Driver/Src/stm32f1xx_hal_adc.o
                0x000000000800125c                ADC_DMAHalfConvCplt
 .text.ADC_DMAError
                0x0000000008001278       0x34 Drivers/STM32F1xx_HAL_Driver/Src/stm32f1xx_hal_adc.o
                0x0000000008001278                ADC_DMAError
 .text.__NVIC_SetPriorityGrouping
                0x00000000080012ac       0x48 Drivers/STM32F1xx_HAL_Driver/Src/stm32f1xx_hal_cortex.o
 .text.__NVIC_GetPriorityGrouping
                0x00000000080012f4       0x1c Drivers/STM32F1xx_HAL_Driver/Src/stm32f1xx_hal_cortex.o
 .text.__NVIC_EnableIRQ
                0x0000000008001310       0x38 Drivers/STM32F1xx_HAL_Driver/Src/stm32f1xx_hal_cortex.o
 .text.__NVIC_SetPriority
                0x0000000008001348       0x54 Drivers/STM32F1xx_HAL_Driver/Src/stm32f1xx_hal_cortex.o
 .text.NVIC_EncodePriority
                0x000000000800139c       0x64 Drivers/STM32F1xx_HAL_Driver/Src/stm32f1xx_hal_cortex.o
 .text.SysTick_Config
                0x0000000008001400       0x44 Drivers/STM32F1xx_HAL_Driver/Src/stm32f1xx_hal_cortex.o
 .text.HAL_NVIC_SetPriorityGrouping
                0x0000000008001444       0x16 Drivers/STM32F1xx_HAL_Driver/Src/stm32f1xx_hal_cortex.o
                0x0000000008001444                HAL_NVIC_SetPriorityGrouping
 .text.HAL_NVIC_SetPriority
                0x000000000800145a       0x38 Drivers/STM32F1xx_HAL_Driver/Src/stm32f1xx_hal_cortex.o
                0x000000000800145a                HAL_NVIC_SetPriority
 .text.HAL_NVIC_EnableIRQ
                0x0000000008001492       0x1c Drivers/STM32F1xx_HAL_Driver/Src/stm32f1xx_hal_cortex.o
                0x0000000008001492                HAL_NVIC_EnableIRQ
 .text.HAL_SYSTICK_Config
                0x00000000080014ae       0x18 Drivers/STM32F1xx_HAL_Driver/Src/stm32f1xx_hal_cortex.o
                0x00000000080014ae                HAL_SYSTICK_Config
 *fill*         0x00000000080014c6        0x2 
 .text.HAL_DMA_Init
                0x00000000080014c8       0xb4 Drivers/STM32F1xx_HAL_Driver/Src/stm32f1xx_hal_dma.o
                0x00000000080014c8                HAL_DMA_Init
 .text.HAL_DMA_Start_IT
                0x000000000800157c       0xbe Drivers/STM32F1xx_HAL_Driver/Src/stm32f1xx_hal_dma.o
                0x000000000800157c                HAL_DMA_Start_IT
 *fill*         0x000000000800163a        0x2 
 .text.HAL_DMA_IRQHandler
                0x000000000800163c      0x20c Drivers/STM32F1xx_HAL_Driver/Src/stm32f1xx_hal_dma.o
                0x000000000800163c                HAL_DMA_IRQHandler
 .text.DMA_SetConfig
                0x0000000008001848       0x5a Drivers/STM32F1xx_HAL_Driver/Src/stm32f1xx_hal_dma.o
 *fill*         0x00000000080018a2        0x2 
 .text.HAL_GPIO_Init
                0x00000000080018a4      0x2b4 Drivers/STM32F1xx_HAL_Driver/Src/stm32f1xx_hal_gpio.o
                0x00000000080018a4                HAL_GPIO_Init
 .text.HAL_GPIO_WritePin
                0x0000000008001b58       0x30 Drivers/STM32F1xx_HAL_Driver/Src/stm32f1xx_hal_gpio.o
                0x0000000008001b58                HAL_GPIO_WritePin
 .text.HAL_GPIO_EXTI_IRQHandler
                0x0000000008001b88       0x30 Drivers/STM32F1xx_HAL_Driver/Src/stm32f1xx_hal_gpio.o
                0x0000000008001b88                HAL_GPIO_EXTI_IRQHandler
 .text.HAL_GPIO_EXTI_Callback
                0x0000000008001bb8       0x14 Drivers/STM32F1xx_HAL_Driver/Src/stm32f1xx_hal_gpio.o
                0x0000000008001bb8                HAL_GPIO_EXTI_Callback
 .text.HAL_RCC_OscConfig
                0x0000000008001bcc      0x500 Drivers/STM32F1xx_HAL_Driver/Src/stm32f1xx_hal_rcc.o
                0x0000000008001bcc                HAL_RCC_OscConfig
 .text.HAL_RCC_ClockConfig
                0x00000000080020cc      0x1d4 Drivers/STM32F1xx_HAL_Driver/Src/stm32f1xx_hal_rcc.o
                0x00000000080020cc                HAL_RCC_ClockConfig
 .text.HAL_RCC_GetSysClockFreq
                0x00000000080022a0       0xc4 Drivers/STM32F1xx_HAL_Driver/Src/stm32f1xx_hal_rcc.o
                0x00000000080022a0                HAL_RCC_GetSysClockFreq
 .text.HAL_RCC_GetHCLKFreq
                0x0000000008002364       0x14 Drivers/STM32F1xx_HAL_Driver/Src/stm32f1xx_hal_rcc.o
                0x0000000008002364                HAL_RCC_GetHCLKFreq
 .text.HAL_RCC_GetPCLK1Freq
                0x0000000008002378       0x28 Drivers/STM32F1xx_HAL_Driver/Src/stm32f1xx_hal_rcc.o
                0x0000000008002378                HAL_RCC_GetPCLK1Freq
 .text.HAL_RCC_GetPCLK2Freq
                0x00000000080023a0       0x28 Drivers/STM32F1xx_HAL_Driver/Src/stm32f1xx_hal_rcc.o
                0x00000000080023a0                HAL_RCC_GetPCLK2Freq
 .text.RCC_Delay
                0x00000000080023c8       0x3c Drivers/STM32F1xx_HAL_Driver/Src/stm32f1xx_hal_rcc.o
 .text.HAL_RCCEx_PeriphCLKConfig
                0x0000000008002404      0x16c Drivers/STM32F1xx_HAL_Driver/Src/stm32f1xx_hal_rcc_ex.o
                0x0000000008002404                HAL_RCCEx_PeriphCLKConfig
 .text.HAL_UART_Init
                0x0000000008002570       0x9a Drivers/STM32F1xx_HAL_Driver/Src/stm32f1xx_hal_uart.o
                0x0000000008002570                HAL_UART_Init
 .text.HAL_UART_Transmit
                0x000000000800260a      0x132 Drivers/STM32F1xx_HAL_Driver/Src/stm32f1xx_hal_uart.o
                0x000000000800260a                HAL_UART_Transmit
 .text.UART_WaitOnFlagUntilTimeout
                0x000000000800273c       0x94 Drivers/STM32F1xx_HAL_Driver/Src/stm32f1xx_hal_uart.o
 .text.UART_SetConfig
                0x00000000080027d0      0x1b4 Drivers/STM32F1xx_HAL_Driver/Src/stm32f1xx_hal_uart.o
 .text.__libc_init_array
                0x0000000008002984       0x48 /Applications/STM32CubeIDE.app/Contents/Eclipse/plugins/com.st.stm32cube.ide.mcu.externaltools.gnu-tools-for-stm32.7-2018-q2-update.macos64_1.4.0.202007081208/tools/bin/../lib/gcc/arm-none-eabi/7.3.1/../../../../arm-none-eabi/lib/thumb/v7-m/libc_nano.a(lib_a-init.o)
                0x0000000008002984                __libc_init_array
 .text.memset   0x00000000080029cc       0x10 /Applications/STM32CubeIDE.app/Contents/Eclipse/plugins/com.st.stm32cube.ide.mcu.externaltools.gnu-tools-for-stm32.7-2018-q2-update.macos64_1.4.0.202007081208/tools/bin/../lib/gcc/arm-none-eabi/7.3.1/../../../../arm-none-eabi/lib/thumb/v7-m/libc_nano.a(lib_a-memset.o)
                0x00000000080029cc                memset
 *(.glue_7)
 .glue_7        0x00000000080029dc        0x0 linker stubs
 *(.glue_7t)
 .glue_7t       0x00000000080029dc        0x0 linker stubs
 *(.eh_frame)
 .eh_frame      0x00000000080029dc        0x0 /Applications/STM32CubeIDE.app/Contents/Eclipse/plugins/com.st.stm32cube.ide.mcu.externaltools.gnu-tools-for-stm32.7-2018-q2-update.macos64_1.4.0.202007081208/tools/bin/../lib/gcc/arm-none-eabi/7.3.1/thumb/v7-m/crtbegin.o
 *(.init)
 .init          0x00000000080029dc        0x4 /Applications/STM32CubeIDE.app/Contents/Eclipse/plugins/com.st.stm32cube.ide.mcu.externaltools.gnu-tools-for-stm32.7-2018-q2-update.macos64_1.4.0.202007081208/tools/bin/../lib/gcc/arm-none-eabi/7.3.1/thumb/v7-m/crti.o
                0x00000000080029dc                _init
 .init          0x00000000080029e0        0x8 /Applications/STM32CubeIDE.app/Contents/Eclipse/plugins/com.st.stm32cube.ide.mcu.externaltools.gnu-tools-for-stm32.7-2018-q2-update.macos64_1.4.0.202007081208/tools/bin/../lib/gcc/arm-none-eabi/7.3.1/thumb/v7-m/crtn.o
 *(.fini)
 .fini          0x00000000080029e8        0x4 /Applications/STM32CubeIDE.app/Contents/Eclipse/plugins/com.st.stm32cube.ide.mcu.externaltools.gnu-tools-for-stm32.7-2018-q2-update.macos64_1.4.0.202007081208/tools/bin/../lib/gcc/arm-none-eabi/7.3.1/thumb/v7-m/crti.o
                0x00000000080029e8                _fini
 .fini          0x00000000080029ec        0x8 /Applications/STM32CubeIDE.app/Contents/Eclipse/plugins/com.st.stm32cube.ide.mcu.externaltools.gnu-tools-for-stm32.7-2018-q2-update.macos64_1.4.0.202007081208/tools/bin/../lib/gcc/arm-none-eabi/7.3.1/thumb/v7-m/crtn.o
                0x00000000080029f4                . = ALIGN (0x4)
                0x00000000080029f4                _etext = .

.vfp11_veneer   0x00000000080029f4        0x0
 .vfp11_veneer  0x00000000080029f4        0x0 linker stubs

.v4_bx          0x00000000080029f4        0x0
 .v4_bx         0x00000000080029f4        0x0 linker stubs

.iplt           0x00000000080029f4        0x0
 .iplt          0x00000000080029f4        0x0 /Applications/STM32CubeIDE.app/Contents/Eclipse/plugins/com.st.stm32cube.ide.mcu.externaltools.gnu-tools-for-stm32.7-2018-q2-update.macos64_1.4.0.202007081208/tools/bin/../lib/gcc/arm-none-eabi/7.3.1/thumb/v7-m/crtbegin.o

.rodata         0x00000000080029f4       0x2c
                0x00000000080029f4                . = ALIGN (0x4)
 *(.rodata)
 .rodata        0x00000000080029f4       0x12 Drivers/STM32F1xx_HAL_Driver/Src/stm32f1xx_hal_rcc.o
 *(.rodata*)
 *fill*         0x0000000008002a06        0x2 
 .rodata.AHBPrescTable
                0x0000000008002a08       0x10 Core/Src/system_stm32f1xx.o
                0x0000000008002a08                AHBPrescTable
 .rodata.APBPrescTable
                0x0000000008002a18        0x8 Core/Src/system_stm32f1xx.o
                0x0000000008002a18                APBPrescTable
                0x0000000008002a20                . = ALIGN (0x4)

.rel.dyn        0x0000000008002a20        0x0
 .rel.iplt      0x0000000008002a20        0x0 /Applications/STM32CubeIDE.app/Contents/Eclipse/plugins/com.st.stm32cube.ide.mcu.externaltools.gnu-tools-for-stm32.7-2018-q2-update.macos64_1.4.0.202007081208/tools/bin/../lib/gcc/arm-none-eabi/7.3.1/thumb/v7-m/crtbegin.o

.ARM.extab      0x0000000008002a20        0x0
                0x0000000008002a20                . = ALIGN (0x4)
 *(.ARM.extab* .gnu.linkonce.armextab.*)
                0x0000000008002a20                . = ALIGN (0x4)

.ARM            0x0000000008002a20        0x0
                0x0000000008002a20                . = ALIGN (0x4)
                0x0000000008002a20                __exidx_start = .
 *(.ARM.exidx*)
                0x0000000008002a20                __exidx_end = .
                0x0000000008002a20                . = ALIGN (0x4)

.preinit_array  0x0000000008002a20        0x0
                0x0000000008002a20                . = ALIGN (0x4)
                0x0000000008002a20                PROVIDE (__preinit_array_start = .)
 *(.preinit_array*)
                0x0000000008002a20                PROVIDE (__preinit_array_end = .)
                0x0000000008002a20                . = ALIGN (0x4)

.init_array     0x0000000008002a20        0x4
                0x0000000008002a20                . = ALIGN (0x4)
                0x0000000008002a20                PROVIDE (__init_array_start = .)
 *(SORT_BY_NAME(.init_array.*))
 *(.init_array*)
 .init_array    0x0000000008002a20        0x4 /Applications/STM32CubeIDE.app/Contents/Eclipse/plugins/com.st.stm32cube.ide.mcu.externaltools.gnu-tools-for-stm32.7-2018-q2-update.macos64_1.4.0.202007081208/tools/bin/../lib/gcc/arm-none-eabi/7.3.1/thumb/v7-m/crtbegin.o
                0x0000000008002a24                PROVIDE (__init_array_end = .)
                0x0000000008002a24                . = ALIGN (0x4)

.fini_array     0x0000000008002a24        0x4
                0x0000000008002a24                . = ALIGN (0x4)
                [!provide]                        PROVIDE (__fini_array_start = .)
 *(SORT_BY_NAME(.fini_array.*))
 *(.fini_array*)
 .fini_array    0x0000000008002a24        0x4 /Applications/STM32CubeIDE.app/Contents/Eclipse/plugins/com.st.stm32cube.ide.mcu.externaltools.gnu-tools-for-stm32.7-2018-q2-update.macos64_1.4.0.202007081208/tools/bin/../lib/gcc/arm-none-eabi/7.3.1/thumb/v7-m/crtbegin.o
                [!provide]                        PROVIDE (__fini_array_end = .)
                0x0000000008002a28                . = ALIGN (0x4)
                0x0000000008002a28                _sidata = LOADADDR (.data)

.data           0x0000000020000000        0xc load address 0x0000000008002a28
                0x0000000020000000                . = ALIGN (0x4)
                0x0000000020000000                _sdata = .
 *(.data)
 *(.data*)
 .data.SystemCoreClock
                0x0000000020000000        0x4 Core/Src/system_stm32f1xx.o
                0x0000000020000000                SystemCoreClock
 .data.uwTickPrio
                0x0000000020000004        0x4 Drivers/STM32F1xx_HAL_Driver/Src/stm32f1xx_hal.o
                0x0000000020000004                uwTickPrio
 .data.uwTickFreq
                0x0000000020000008        0x1 Drivers/STM32F1xx_HAL_Driver/Src/stm32f1xx_hal.o
                0x0000000020000008                uwTickFreq
                0x000000002000000c                . = ALIGN (0x4)
 *fill*         0x0000000020000009        0x3 
                0x000000002000000c                _edata = .

.igot.plt       0x000000002000000c        0x0 load address 0x0000000008002a34
 .igot.plt      0x000000002000000c        0x0 /Applications/STM32CubeIDE.app/Contents/Eclipse/plugins/com.st.stm32cube.ide.mcu.externaltools.gnu-tools-for-stm32.7-2018-q2-update.macos64_1.4.0.202007081208/tools/bin/../lib/gcc/arm-none-eabi/7.3.1/thumb/v7-m/crtbegin.o
                0x000000002000000c                . = ALIGN (0x4)

.bss            0x000000002000000c      0x140 load address 0x0000000008002a34
                0x000000002000000c                _sbss = .
                0x000000002000000c                __bss_start__ = _sbss
 *(.bss)
 .bss           0x000000002000000c       0x1c /Applications/STM32CubeIDE.app/Contents/Eclipse/plugins/com.st.stm32cube.ide.mcu.externaltools.gnu-tools-for-stm32.7-2018-q2-update.macos64_1.4.0.202007081208/tools/bin/../lib/gcc/arm-none-eabi/7.3.1/thumb/v7-m/crtbegin.o
 *(.bss*)
 .bss.fingers   0x0000000020000028       0x14 Core/Src/stm32f1xx_it.o
                0x0000000020000028                fingers
 *(COMMON)
 COMMON         0x000000002000003c      0x10c Core/Src/main.o
                0x000000002000003c                huart3
                0x000000002000007c                values
                0x0000000020000090                hadc1
                0x00000000200000c0                hdma_adc1
                0x0000000020000104                transmit
                0x0000000020000108                huart2
 COMMON         0x0000000020000148        0x4 Drivers/STM32F1xx_HAL_Driver/Src/stm32f1xx_hal.o
                0x0000000020000148                uwTick
                0x000000002000014c                . = ALIGN (0x4)
                0x000000002000014c                _ebss = .
                0x000000002000014c                __bss_end__ = _ebss

._user_heap_stack
                0x000000002000014c      0x604 load address 0x0000000008002a34
                0x0000000020000150                . = ALIGN (0x8)
 *fill*         0x000000002000014c        0x4 
                [!provide]                        PROVIDE (end = .)
                0x0000000020000150                PROVIDE (_end = .)
                0x0000000020000350                . = (. + _Min_Heap_Size)
 *fill*         0x0000000020000150      0x200 
                0x0000000020000750                . = (. + _Min_Stack_Size)
 *fill*         0x0000000020000350      0x400 
                0x0000000020000750                . = ALIGN (0x8)

/DISCARD/
 libc.a(*)
 libm.a(*)
 libgcc.a(*)

.ARM.attributes
                0x0000000000000000       0x29
 *(.ARM.attributes)
 .ARM.attributes
                0x0000000000000000       0x1d /Applications/STM32CubeIDE.app/Contents/Eclipse/plugins/com.st.stm32cube.ide.mcu.externaltools.gnu-tools-for-stm32.7-2018-q2-update.macos64_1.4.0.202007081208/tools/bin/../lib/gcc/arm-none-eabi/7.3.1/thumb/v7-m/crti.o
 .ARM.attributes
                0x000000000000001d       0x2d /Applications/STM32CubeIDE.app/Contents/Eclipse/plugins/com.st.stm32cube.ide.mcu.externaltools.gnu-tools-for-stm32.7-2018-q2-update.macos64_1.4.0.202007081208/tools/bin/../lib/gcc/arm-none-eabi/7.3.1/thumb/v7-m/crtbegin.o
 .ARM.attributes
                0x000000000000004a       0x33 Core/Src/main.o
 .ARM.attributes
                0x000000000000007d       0x33 Core/Src/stm32f1xx_hal_msp.o
 .ARM.attributes
                0x00000000000000b0       0x33 Core/Src/stm32f1xx_it.o
 .ARM.attributes
                0x00000000000000e3       0x33 Core/Src/system_stm32f1xx.o
 .ARM.attributes
                0x0000000000000116       0x21 Core/Startup/startup_stm32f103rbtx.o
 .ARM.attributes
                0x0000000000000137       0x33 Drivers/STM32F1xx_HAL_Driver/Src/stm32f1xx_hal.o
 .ARM.attributes
                0x000000000000016a       0x33 Drivers/STM32F1xx_HAL_Driver/Src/stm32f1xx_hal_adc.o
 .ARM.attributes
                0x000000000000019d       0x33 Drivers/STM32F1xx_HAL_Driver/Src/stm32f1xx_hal_cortex.o
 .ARM.attributes
                0x00000000000001d0       0x33 Drivers/STM32F1xx_HAL_Driver/Src/stm32f1xx_hal_dma.o
 .ARM.attributes
                0x0000000000000203       0x33 Drivers/STM32F1xx_HAL_Driver/Src/stm32f1xx_hal_gpio.o
 .ARM.attributes
                0x0000000000000236       0x33 Drivers/STM32F1xx_HAL_Driver/Src/stm32f1xx_hal_rcc.o
 .ARM.attributes
                0x0000000000000269       0x33 Drivers/STM32F1xx_HAL_Driver/Src/stm32f1xx_hal_rcc_ex.o
 .ARM.attributes
                0x000000000000029c       0x33 Drivers/STM32F1xx_HAL_Driver/Src/stm32f1xx_hal_uart.o
 .ARM.attributes
                0x00000000000002cf       0x2d /Applications/STM32CubeIDE.app/Contents/Eclipse/plugins/com.st.stm32cube.ide.mcu.externaltools.gnu-tools-for-stm32.7-2018-q2-update.macos64_1.4.0.202007081208/tools/bin/../lib/gcc/arm-none-eabi/7.3.1/../../../../arm-none-eabi/lib/thumb/v7-m/libc_nano.a(lib_a-init.o)
 .ARM.attributes
                0x00000000000002fc       0x2d /Applications/STM32CubeIDE.app/Contents/Eclipse/plugins/com.st.stm32cube.ide.mcu.externaltools.gnu-tools-for-stm32.7-2018-q2-update.macos64_1.4.0.202007081208/tools/bin/../lib/gcc/arm-none-eabi/7.3.1/../../../../arm-none-eabi/lib/thumb/v7-m/libc_nano.a(lib_a-memset.o)
 .ARM.attributes
                0x0000000000000329       0x1d /Applications/STM32CubeIDE.app/Contents/Eclipse/plugins/com.st.stm32cube.ide.mcu.externaltools.gnu-tools-for-stm32.7-2018-q2-update.macos64_1.4.0.202007081208/tools/bin/../lib/gcc/arm-none-eabi/7.3.1/thumb/v7-m/crtn.o
OUTPUT(op_phoenix_glove.elf elf32-littlearm)

.debug_info     0x0000000000000000     0x7845
 .debug_info    0x0000000000000000     0x15fb Core/Src/main.o
 .debug_info    0x00000000000015fb      0xb3c Core/Src/stm32f1xx_hal_msp.o
 .debug_info    0x0000000000002137      0x75f Core/Src/stm32f1xx_it.o
 .debug_info    0x0000000000002896      0x43e Core/Src/system_stm32f1xx.o
 .debug_info    0x0000000000002cd4       0x22 Core/Startup/startup_stm32f103rbtx.o
 .debug_info    0x0000000000002cf6      0x714 Drivers/STM32F1xx_HAL_Driver/Src/stm32f1xx_hal.o
 .debug_info    0x000000000000340a      0xc6c Drivers/STM32F1xx_HAL_Driver/Src/stm32f1xx_hal_adc.o
 .debug_info    0x0000000000004076      0xb51 Drivers/STM32F1xx_HAL_Driver/Src/stm32f1xx_hal_cortex.o
 .debug_info    0x0000000000004bc7      0x7b1 Drivers/STM32F1xx_HAL_Driver/Src/stm32f1xx_hal_dma.o
 .debug_info    0x0000000000005378      0x68c Drivers/STM32F1xx_HAL_Driver/Src/stm32f1xx_hal_gpio.o
 .debug_info    0x0000000000005a04      0x80f Drivers/STM32F1xx_HAL_Driver/Src/stm32f1xx_hal_rcc.o
 .debug_info    0x0000000000006213      0x444 Drivers/STM32F1xx_HAL_Driver/Src/stm32f1xx_hal_rcc_ex.o
 .debug_info    0x0000000000006657     0x11ee Drivers/STM32F1xx_HAL_Driver/Src/stm32f1xx_hal_uart.o

.debug_abbrev   0x0000000000000000     0x1710
 .debug_abbrev  0x0000000000000000      0x271 Core/Src/main.o
 .debug_abbrev  0x0000000000000271      0x18c Core/Src/stm32f1xx_hal_msp.o
 .debug_abbrev  0x00000000000003fd      0x1a4 Core/Src/stm32f1xx_it.o
 .debug_abbrev  0x00000000000005a1      0x134 Core/Src/system_stm32f1xx.o
 .debug_abbrev  0x00000000000006d5       0x12 Core/Startup/startup_stm32f103rbtx.o
 .debug_abbrev  0x00000000000006e7      0x1c7 Drivers/STM32F1xx_HAL_Driver/Src/stm32f1xx_hal.o
 .debug_abbrev  0x00000000000008ae      0x1d5 Drivers/STM32F1xx_HAL_Driver/Src/stm32f1xx_hal_adc.o
 .debug_abbrev  0x0000000000000a83      0x2d5 Drivers/STM32F1xx_HAL_Driver/Src/stm32f1xx_hal_cortex.o
 .debug_abbrev  0x0000000000000d58      0x1fe Drivers/STM32F1xx_HAL_Driver/Src/stm32f1xx_hal_dma.o
 .debug_abbrev  0x0000000000000f56      0x1c0 Drivers/STM32F1xx_HAL_Driver/Src/stm32f1xx_hal_gpio.o
 .debug_abbrev  0x0000000000001116      0x243 Drivers/STM32F1xx_HAL_Driver/Src/stm32f1xx_hal_rcc.o
 .debug_abbrev  0x0000000000001359      0x175 Drivers/STM32F1xx_HAL_Driver/Src/stm32f1xx_hal_rcc_ex.o
 .debug_abbrev  0x00000000000014ce      0x242 Drivers/STM32F1xx_HAL_Driver/Src/stm32f1xx_hal_uart.o

.debug_aranges  0x0000000000000000      0x790
 .debug_aranges
                0x0000000000000000       0x58 Core/Src/main.o
 .debug_aranges
                0x0000000000000058       0x40 Core/Src/stm32f1xx_hal_msp.o
 .debug_aranges
                0x0000000000000098       0x70 Core/Src/stm32f1xx_it.o
 .debug_aranges
                0x0000000000000108       0x28 Core/Src/system_stm32f1xx.o
 .debug_aranges
                0x0000000000000130       0x28 Core/Startup/startup_stm32f103rbtx.o
 .debug_aranges
                0x0000000000000158       0xe0 Drivers/STM32F1xx_HAL_Driver/Src/stm32f1xx_hal.o
 .debug_aranges
                0x0000000000000238       0xf0 Drivers/STM32F1xx_HAL_Driver/Src/stm32f1xx_hal_adc.o
 .debug_aranges
                0x0000000000000328      0x100 Drivers/STM32F1xx_HAL_Driver/Src/stm32f1xx_hal_cortex.o
 .debug_aranges
                0x0000000000000428       0x80 Drivers/STM32F1xx_HAL_Driver/Src/stm32f1xx_hal_dma.o
 .debug_aranges
                0x00000000000004a8       0x58 Drivers/STM32F1xx_HAL_Driver/Src/stm32f1xx_hal_gpio.o
 .debug_aranges
                0x0000000000000500       0x90 Drivers/STM32F1xx_HAL_Driver/Src/stm32f1xx_hal_rcc.o
 .debug_aranges
                0x0000000000000590       0x30 Drivers/STM32F1xx_HAL_Driver/Src/stm32f1xx_hal_rcc_ex.o
 .debug_aranges
                0x00000000000005c0      0x1d0 Drivers/STM32F1xx_HAL_Driver/Src/stm32f1xx_hal_uart.o

.debug_ranges   0x0000000000000000      0x6c8
 .debug_ranges  0x0000000000000000       0x48 Core/Src/main.o
 .debug_ranges  0x0000000000000048       0x30 Core/Src/stm32f1xx_hal_msp.o
 .debug_ranges  0x0000000000000078       0x60 Core/Src/stm32f1xx_it.o
 .debug_ranges  0x00000000000000d8       0x18 Core/Src/system_stm32f1xx.o
 .debug_ranges  0x00000000000000f0       0x20 Core/Startup/startup_stm32f103rbtx.o
 .debug_ranges  0x0000000000000110       0xd0 Drivers/STM32F1xx_HAL_Driver/Src/stm32f1xx_hal.o
 .debug_ranges  0x00000000000001e0       0xe0 Drivers/STM32F1xx_HAL_Driver/Src/stm32f1xx_hal_adc.o
 .debug_ranges  0x00000000000002c0       0xf0 Drivers/STM32F1xx_HAL_Driver/Src/stm32f1xx_hal_cortex.o
 .debug_ranges  0x00000000000003b0       0x70 Drivers/STM32F1xx_HAL_Driver/Src/stm32f1xx_hal_dma.o
 .debug_ranges  0x0000000000000420       0x48 Drivers/STM32F1xx_HAL_Driver/Src/stm32f1xx_hal_gpio.o
 .debug_ranges  0x0000000000000468       0x80 Drivers/STM32F1xx_HAL_Driver/Src/stm32f1xx_hal_rcc.o
 .debug_ranges  0x00000000000004e8       0x20 Drivers/STM32F1xx_HAL_Driver/Src/stm32f1xx_hal_rcc_ex.o
 .debug_ranges  0x0000000000000508      0x1c0 Drivers/STM32F1xx_HAL_Driver/Src/stm32f1xx_hal_uart.o

.debug_macro    0x0000000000000000    0x13fde
 .debug_macro   0x0000000000000000      0x329 Core/Src/main.o
 .debug_macro   0x0000000000000329      0xa5a Core/Src/main.o
 .debug_macro   0x0000000000000d83      0x221 Core/Src/main.o
 .debug_macro   0x0000000000000fa4       0x2e Core/Src/main.o
 .debug_macro   0x0000000000000fd2       0x22 Core/Src/main.o
 .debug_macro   0x0000000000000ff4       0x22 Core/Src/main.o
 .debug_macro   0x0000000000001016       0x8e Core/Src/main.o
 .debug_macro   0x00000000000010a4       0x51 Core/Src/main.o
 .debug_macro   0x00000000000010f5       0xef Core/Src/main.o
 .debug_macro   0x00000000000011e4       0x6a Core/Src/main.o
 .debug_macro   0x000000000000124e      0x1df Core/Src/main.o
 .debug_macro   0x000000000000142d       0x1c Core/Src/main.o
 .debug_macro   0x0000000000001449       0x22 Core/Src/main.o
 .debug_macro   0x000000000000146b       0xc3 Core/Src/main.o
 .debug_macro   0x000000000000152e      0xd23 Core/Src/main.o
 .debug_macro   0x0000000000002251     0xe09e Core/Src/main.o
 .debug_macro   0x00000000000102ef       0x43 Core/Src/main.o
 .debug_macro   0x0000000000010332      0x174 Core/Src/main.o
 .debug_macro   0x00000000000104a6       0x5a Core/Src/main.o
 .debug_macro   0x0000000000010500      0x5be Core/Src/main.o
 .debug_macro   0x0000000000010abe      0x289 Core/Src/main.o
 .debug_macro   0x0000000000010d47      0x1cb Core/Src/main.o
 .debug_macro   0x0000000000010f12      0x114 Core/Src/main.o
 .debug_macro   0x0000000000011026      0x1b2 Core/Src/main.o
 .debug_macro   0x00000000000111d8       0x27 Core/Src/main.o
 .debug_macro   0x00000000000111ff      0x136 Core/Src/main.o
 .debug_macro   0x0000000000011335      0x1bc Core/Src/main.o
 .debug_macro   0x00000000000114f1       0x34 Core/Src/main.o
 .debug_macro   0x0000000000011525       0x3c Core/Src/main.o
 .debug_macro   0x0000000000011561       0x57 Core/Src/main.o
 .debug_macro   0x00000000000115b8      0x46a Core/Src/main.o
 .debug_macro   0x0000000000011a22      0x1b5 Core/Src/main.o
 .debug_macro   0x0000000000011bd7       0x88 Core/Src/main.o
 .debug_macro   0x0000000000011c5f      0x241 Core/Src/main.o
 .debug_macro   0x0000000000011ea0      0x141 Core/Src/main.o
 .debug_macro   0x0000000000011fe1      0x26b Core/Src/main.o
 .debug_macro   0x000000000001224c       0x83 Core/Src/main.o
 .debug_macro   0x00000000000122cf       0x46 Core/Src/main.o
 .debug_macro   0x0000000000012315       0x18 Core/Src/main.o
 .debug_macro   0x000000000001232d       0x3c Core/Src/main.o
 .debug_macro   0x0000000000012369       0x34 Core/Src/main.o
 .debug_macro   0x000000000001239d       0x52 Core/Src/main.o
 .debug_macro   0x00000000000123ef       0x1f Core/Src/main.o
 .debug_macro   0x000000000001240e       0x43 Core/Src/main.o
 .debug_macro   0x0000000000012451       0x20 Core/Src/main.o
 .debug_macro   0x0000000000012471      0x1a3 Core/Src/main.o
 .debug_macro   0x0000000000012614      0x32a Core/Src/main.o
 .debug_macro   0x000000000001293e       0x10 Core/Src/main.o
 .debug_macro   0x000000000001294e       0x35 Core/Src/main.o
 .debug_macro   0x0000000000012983       0x20 Core/Src/main.o
 .debug_macro   0x00000000000129a3       0x1c Core/Src/main.o
 .debug_macro   0x00000000000129bf       0x10 Core/Src/main.o
 .debug_macro   0x00000000000129cf       0x10 Core/Src/main.o
 .debug_macro   0x00000000000129df       0x1c Core/Src/main.o
 .debug_macro   0x00000000000129fb       0x52 Core/Src/main.o
 .debug_macro   0x0000000000012a4d       0x40 Core/Src/main.o
 .debug_macro   0x0000000000012a8d       0x10 Core/Src/main.o
 .debug_macro   0x0000000000012a9d       0x40 Core/Src/main.o
 .debug_macro   0x0000000000012add       0xd7 Core/Src/main.o
 .debug_macro   0x0000000000012bb4       0x1c Core/Src/main.o
 .debug_macro   0x0000000000012bd0       0x3d Core/Src/main.o
 .debug_macro   0x0000000000012c0d       0x16 Core/Src/main.o
 .debug_macro   0x0000000000012c23      0x145 Core/Src/main.o
 .debug_macro   0x0000000000012d68      0x1a3 Core/Src/stm32f1xx_hal_msp.o
 .debug_macro   0x0000000000012f0b      0x1ad Core/Src/stm32f1xx_it.o
 .debug_macro   0x00000000000130b8      0x19f Core/Src/system_stm32f1xx.o
 .debug_macro   0x0000000000013257      0x1bd Drivers/STM32F1xx_HAL_Driver/Src/stm32f1xx_hal.o
 .debug_macro   0x0000000000013414      0x1b6 Drivers/STM32F1xx_HAL_Driver/Src/stm32f1xx_hal_adc.o
 .debug_macro   0x00000000000135ca      0x199 Drivers/STM32F1xx_HAL_Driver/Src/stm32f1xx_hal_cortex.o
 .debug_macro   0x0000000000013763      0x199 Drivers/STM32F1xx_HAL_Driver/Src/stm32f1xx_hal_dma.o
 .debug_macro   0x00000000000138fc      0x204 Drivers/STM32F1xx_HAL_Driver/Src/stm32f1xx_hal_gpio.o
 .debug_macro   0x0000000000013b00      0x1ab Drivers/STM32F1xx_HAL_Driver/Src/stm32f1xx_hal_rcc.o
 .debug_macro   0x0000000000013cab      0x199 Drivers/STM32F1xx_HAL_Driver/Src/stm32f1xx_hal_rcc_ex.o
 .debug_macro   0x0000000000013e44      0x19a Drivers/STM32F1xx_HAL_Driver/Src/stm32f1xx_hal_uart.o

.debug_line     0x0000000000000000     0x6df9
 .debug_line    0x0000000000000000      0x95c Core/Src/main.o
 .debug_line    0x000000000000095c      0x6ec Core/Src/stm32f1xx_hal_msp.o
 .debug_line    0x0000000000001048      0x75d Core/Src/stm32f1xx_it.o
 .debug_line    0x00000000000017a5      0x697 Core/Src/system_stm32f1xx.o
 .debug_line    0x0000000000001e3c       0x84 Core/Startup/startup_stm32f103rbtx.o
 .debug_line    0x0000000000001ec0      0x841 Drivers/STM32F1xx_HAL_Driver/Src/stm32f1xx_hal.o
 .debug_line    0x0000000000002701      0xb91 Drivers/STM32F1xx_HAL_Driver/Src/stm32f1xx_hal_adc.o
 .debug_line    0x0000000000003292      0x918 Drivers/STM32F1xx_HAL_Driver/Src/stm32f1xx_hal_cortex.o
 .debug_line    0x0000000000003baa      0xaa6 Drivers/STM32F1xx_HAL_Driver/Src/stm32f1xx_hal_dma.o
 .debug_line    0x0000000000004650      0x83f Drivers/STM32F1xx_HAL_Driver/Src/stm32f1xx_hal_gpio.o
 .debug_line    0x0000000000004e8f      0x901 Drivers/STM32F1xx_HAL_Driver/Src/stm32f1xx_hal_rcc.o
 .debug_line    0x0000000000005790      0x71f Drivers/STM32F1xx_HAL_Driver/Src/stm32f1xx_hal_rcc_ex.o
 .debug_line    0x0000000000005eaf      0xf4a Drivers/STM32F1xx_HAL_Driver/Src/stm32f1xx_hal_uart.o

.debug_str      0x0000000000000000    0x6f387
 .debug_str     0x0000000000000000    0x6d96c Core/Src/main.o
                                      0x6dd60 (size before relaxing)
 .debug_str     0x000000000006d96c       0xab Core/Src/stm32f1xx_hal_msp.o
                                      0x6976e (size before relaxing)
 .debug_str     0x000000000006da17       0xf3 Core/Src/stm32f1xx_it.o
                                      0x69624 (size before relaxing)
 .debug_str     0x000000000006db0a       0xc2 Core/Src/system_stm32f1xx.o
                                      0x69249 (size before relaxing)
 .debug_str     0x000000000006dbcc       0x36 Core/Startup/startup_stm32f103rbtx.o
                                         0xa1 (size before relaxing)
 .debug_str     0x000000000006dc02      0x3cb Drivers/STM32F1xx_HAL_Driver/Src/stm32f1xx_hal.o
                                      0x69860 (size before relaxing)
 .debug_str     0x000000000006dfcd      0x35c Drivers/STM32F1xx_HAL_Driver/Src/stm32f1xx_hal_adc.o
                                      0x6985f (size before relaxing)
 .debug_str     0x000000000006e329      0x2c8 Drivers/STM32F1xx_HAL_Driver/Src/stm32f1xx_hal_cortex.o
                                      0x69868 (size before relaxing)
 .debug_str     0x000000000006e5f1      0x23f Drivers/STM32F1xx_HAL_Driver/Src/stm32f1xx_hal_dma.o
                                      0x695aa (size before relaxing)
 .debug_str     0x000000000006e830      0x31f Drivers/STM32F1xx_HAL_Driver/Src/stm32f1xx_hal_gpio.o
                                      0x69593 (size before relaxing)
 .debug_str     0x000000000006eb4f      0x263 Drivers/STM32F1xx_HAL_Driver/Src/stm32f1xx_hal_rcc.o
                                      0x695cc (size before relaxing)
 .debug_str     0x000000000006edb2       0xb9 Drivers/STM32F1xx_HAL_Driver/Src/stm32f1xx_hal_rcc_ex.o
                                      0x69359 (size before relaxing)
 .debug_str     0x000000000006ee6b      0x51c Drivers/STM32F1xx_HAL_Driver/Src/stm32f1xx_hal_uart.o
                                      0x69abb (size before relaxing)

.comment        0x0000000000000000       0x7b
 .comment       0x0000000000000000       0x7b Core/Src/main.o
                                         0x7c (size before relaxing)
 .comment       0x000000000000007b       0x7c Core/Src/stm32f1xx_hal_msp.o
 .comment       0x000000000000007b       0x7c Core/Src/stm32f1xx_it.o
 .comment       0x000000000000007b       0x7c Core/Src/system_stm32f1xx.o
 .comment       0x000000000000007b       0x7c Drivers/STM32F1xx_HAL_Driver/Src/stm32f1xx_hal.o
 .comment       0x000000000000007b       0x7c Drivers/STM32F1xx_HAL_Driver/Src/stm32f1xx_hal_adc.o
 .comment       0x000000000000007b       0x7c Drivers/STM32F1xx_HAL_Driver/Src/stm32f1xx_hal_cortex.o
 .comment       0x000000000000007b       0x7c Drivers/STM32F1xx_HAL_Driver/Src/stm32f1xx_hal_dma.o
 .comment       0x000000000000007b       0x7c Drivers/STM32F1xx_HAL_Driver/Src/stm32f1xx_hal_gpio.o
 .comment       0x000000000000007b       0x7c Drivers/STM32F1xx_HAL_Driver/Src/stm32f1xx_hal_rcc.o
 .comment       0x000000000000007b       0x7c Drivers/STM32F1xx_HAL_Driver/Src/stm32f1xx_hal_rcc_ex.o
 .comment       0x000000000000007b       0x7c Drivers/STM32F1xx_HAL_Driver/Src/stm32f1xx_hal_uart.o

.debug_frame    0x0000000000000000     0x1d60
 .debug_frame   0x0000000000000000      0x118 Core/Src/main.o
 .debug_frame   0x0000000000000118       0xc8 Core/Src/stm32f1xx_hal_msp.o
 .debug_frame   0x00000000000001e0      0x14c Core/Src/stm32f1xx_it.o
 .debug_frame   0x000000000000032c       0x58 Core/Src/system_stm32f1xx.o
 .debug_frame   0x0000000000000384      0x334 Drivers/STM32F1xx_HAL_Driver/Src/stm32f1xx_hal.o
 .debug_frame   0x00000000000006b8      0x40c Drivers/STM32F1xx_HAL_Driver/Src/stm32f1xx_hal_adc.o
 .debug_frame   0x0000000000000ac4      0x428 Drivers/STM32F1xx_HAL_Driver/Src/stm32f1xx_hal_cortex.o
 .debug_frame   0x0000000000000eec      0x208 Drivers/STM32F1xx_HAL_Driver/Src/stm32f1xx_hal_dma.o
 .debug_frame   0x00000000000010f4      0x14c Drivers/STM32F1xx_HAL_Driver/Src/stm32f1xx_hal_gpio.o
 .debug_frame   0x0000000000001240      0x21c Drivers/STM32F1xx_HAL_Driver/Src/stm32f1xx_hal_rcc.o
 .debug_frame   0x000000000000145c       0x84 Drivers/STM32F1xx_HAL_Driver/Src/stm32f1xx_hal_rcc_ex.o
 .debug_frame   0x00000000000014e0      0x834 Drivers/STM32F1xx_HAL_Driver/Src/stm32f1xx_hal_uart.o
 .debug_frame   0x0000000000001d14       0x2c /Applications/STM32CubeIDE.app/Contents/Eclipse/plugins/com.st.stm32cube.ide.mcu.externaltools.gnu-tools-for-stm32.7-2018-q2-update.macos64_1.4.0.202007081208/tools/bin/../lib/gcc/arm-none-eabi/7.3.1/../../../../arm-none-eabi/lib/thumb/v7-m/libc_nano.a(lib_a-init.o)
 .debug_frame   0x0000000000001d40       0x20 /Applications/STM32CubeIDE.app/Contents/Eclipse/plugins/com.st.stm32cube.ide.mcu.externaltools.gnu-tools-for-stm32.7-2018-q2-update.macos64_1.4.0.202007081208/tools/bin/../lib/gcc/arm-none-eabi/7.3.1/../../../../arm-none-eabi/lib/thumb/v7-m/libc_nano.a(lib_a-memset.o)
